2026-09-22 22:00:40 INFO - User successfully registered account 94937890
2026-09-23 09:32:17 INFO - User successfully registered account 78575425
2026-09-23 09:32:31 ERROR - Incorrect PIN entered for account 7857542
2026-09-23 09:32:45 INFO - User successfully logged in: 78575425
2026-09-23 09:32:47 INFO - User 78575425 checked account balance
2026-09-23 09:32:54 INFO - User 78575425 successfully deposited 100.00
2026-09-23 09:32:54 INFO - User 78575425 checked account balance
2026-09-23 09:32:59 ERROR - Withdrawal rejected for 78575425: insufficient funds
2026-09-23 09:33:03 INFO - User 78575425 successfully withdrew 50.00
2026-09-23 09:33:03 INFO - User 78575425 checked account balance
2026-09-23 09:33:29 INFO - User 78575425 viewed transaction history
2026-09-23 09:33:36 INFO - User successfully registered account 98071851
2026-09-23 09:33:56 INFO - User successfully logged in: 98071851
2026-09-23 09:34:02 INFO - User 98071851 successfully deposited 300.00
2026-09-23 09:34:02 INFO - User 98071851 checked account balance
2026-09-23 09:34:30 INFO - User 98071851 successfully transferred 20.00 to 78575425
2026-09-23 09:34:30 INFO - User 98071851 checked account balance
2026-09-23 09:34:34 INFO - User 98071851 viewed transaction history
2026-09-24 09:34:37 INFO - User successfully registered account 20210313
2026-09-24 09:34:59 INFO - User successfully logged in: 20210313
2026-09-24 09:42:24 INFO - User 20210313 successfully deposited 200.00
2026-09-24 09:42:24 INFO - User 20210313 checked account balance
2026-09-24 09:42:28 INFO - User 20210313 successfully withdrew 50.00
2026-09-24 09:42:28 INFO - User 20210313 checked account balance
2026-09-24 09:42:51 INFO - User successfully registered account 86512178
2026-09-24 09:43:22 INFO - User successfully logged in: 86512178
2026-09-24 09:43:28 INFO - User 86512178 successfully deposited 500.00
2026-09-24 09:43:28 INFO - User 86512178 checked account balance
2026-09-24 09:43:39 INFO - User 86512178 successfully transferred 100.00 to 20210313
2026-09-24 09:43:39 INFO - User 86512178 checked account balance
2026-09-24 09:43:43 INFO - User 86512178 viewed transaction history
2026-09-24 10:15:37 INFO - User successfully registered account 84757650
2026-09-24 10:15:51 INFO - User successfully logged in: 84757650
2026-09-24 10:15:54 INFO - User 84757650 checked account balance
2026-09-24 10:15:57 INFO - User 84757650 successfully deposited 200.00
2026-09-24 10:15:57 INFO - User 84757650 checked account balance
2026-09-24 10:16:00 INFO - User 84757650 successfully withdrew 50.00
2026-09-24 10:16:00 INFO - User 84757650 checked account balance
2026-09-24 10:16:05 INFO - User 84757650 viewed transaction history
2026-09-24 15:47:37 INFO - User 10000001 successfully transferred 50.00 to 10000002
2026-09-24 15:47:38 ERROR - Incorrect PIN entered for account 10000001
2026-09-24 15:47:38 INFO - User 10000001 successfully withdrew 30.00
2026-09-24 15:47:38 ERROR - Withdrawal rejected for 10000001: insufficient funds
2026-09-24 15:47:38 INFO - User successfully logged in: 10000001
2026-09-24 15:47:38 INFO - User successfully registered account 10000001
2026-09-24 15:47:38 INFO - User 10000001 viewed transaction history
2026-09-24 15:47:38 INFO - User 10000001 successfully deposited 40.00
2026-09-24 15:47:38 INFO - User 10000001 checked account balance
2026-09-24 15:54:42 INFO - User successfully registered account 82355007
2026-09-24 15:55:05 INFO - User successfully logged in: 82355007
2026-09-24 15:55:07 INFO - User 82355007 checked account balance
2026-09-24 15:55:10 INFO - User 82355007 successfully deposited 200.00
2026-09-24 15:55:10 INFO - User 82355007 checked account balance
2026-09-24 15:55:13 INFO - User 82355007 checked account balance
2026-09-24 15:55:18 INFO - User 82355007 successfully withdrew 50.00
2026-09-24 15:55:18 INFO - User 82355007 checked account balance
2026-09-24 15:55:28 INFO - User 82355007 viewed transaction history
2026-09-24 23:37:05 INFO - User 10000001 successfully transferred 50.00 to 10000002
2026-09-24 23:37:06 ERROR - Incorrect PIN entered for account 10000001
2026-09-24 23:37:06 INFO - User 10000001 successfully withdrew 30.00
2026-09-24 23:37:06 ERROR - Withdrawal rejected for 10000001: insufficient funds
2026-09-24 23:37:06 INFO - User successfully logged in: 10000001
2026-09-24 23:37:06 INFO - User successfully registered account 10000001
2026-09-24 23:37:06 INFO - User 10000001 viewed transaction history
2026-09-24 23:37:06 INFO - User 10000001 successfully deposited 40.00
2026-09-24 23:37:06 INFO - User 10000001 checked account balance
2026-09-24 23:38:50 INFO - User 10000001 successfully transferred 50.00 to 10000002
2026-09-24 23:38:51 ERROR - Incorrect PIN entered for account 10000001
2026-09-24 23:38:51 INFO - User 10000001 successfully withdrew 30.00
2026-09-24 23:38:51 ERROR - Withdrawal rejected for 10000001: insufficient funds
2026-09-24 23:38:51 INFO - User successfully logged in: 10000001
2026-09-24 23:38:51 INFO - User successfully registered account 10000001
2026-09-24 23:38:51 INFO - User 10000001 viewed transaction history
2026-09-24 23:38:51 INFO - User 10000001 successfully deposited 40.00
2026-09-24 23:38:51 INFO - User 10000001 checked account balance
